=== PART2D START 2026-10-05T06:46:24+00:00 ratio= promptLen=0 ===
PROMPT_HEAD 
BASELINE "{\"spin\":0,\"len\":1676,\"gal\":0,\"err\":null}"
--- Station 5: echter Strategie-Prompt -> Generieren ---
setprompt.js written
SETPROMPT "SET len=0"
PRE_GEN "{\"promptLen\":0,\"genDisabled\":true}"
"top"
✓ Screenshot saved to /home/team/shared/site/docs/mobile-e2e/m05d-studio-strategieprompt.png
GENCLICK "DISABLED"
S5POLL1 "{\"spin\":0,\"len\":1676,\"gal\":0,\"err\":null}"
S5POLL2 "{\"spin\":0,\"len\":1676,\"gal\":0,\"err\":null}"
S5POLL3 "{\"spin\":0,\"len\":1676,\"gal\":0,\"err\":null}"
S5POLL4 "{\"spin\":0,\"len\":1676,\"gal\":0,\"err\":null}"
S5POLL5 "{\"spin\":0,\"len\":1676,\"gal\":0,\"err\":null}"
S5POLL6 "{\"spin\":0,\"len\":1676,\"gal\":0,\"err\":null}"
S5POLL7 "{\"spin\":0,\"len\":1676,\"gal\":0,\"err\":null}"
S5POLL8 "{\"spin\":0,\"len\":1676,\"gal\":0,\"err\":null}"
S5POLL9 "{\"spin\":0,\"len\":1676,\"gal\":0,\"err\":null}"
S5POLL10 "{\"spin\":0,\"len\":1676,\"gal\":0,\"err\":null}"
S5POLL11 "{\"spin\":0,\"len\":1676,\"gal\":0,\"err\":null}"
S5POLL12 "{\"spin\":0,\"len\":1676,\"gal\":0,\"err\":null}"
S5POLL13 "{\"spin\":0,\"len\":1676,\"gal\":0,\"err\":null}"
S5POLL14 "{\"spin\":0,\"len\":1676,\"gal\":0,\"err\":null}"
S5POLL15 "{\"spin\":0,\"len\":1676,\"gal\":0,\"err\":null}"
S5POLL16 "{\"spin\":0,\"len\":1676,\"gal\":0,\"err\":null}"
S5POLL17 "{\"spin\":0,\"len\":1676,\"gal\":0,\"err\":null}"
S5POLL18 "{\"spin\":0,\"len\":1676,\"gal\":0,\"err\":null}"
S5POLL19 "{\"spin\":0,\"len\":1676,\"gal\":0,\"err\":null}"
S5POLL20 "{\"spin\":0,\"len\":1676,\"gal\":0,\"err\":null}"
S5POLL21 "{\"spin\":0,\"len\":1676,\"gal\":0,\"err\":null}"
S5POLL22 "{\"spin\":0,\"len\":1676,\"gal\":0,\"err\":null}"
S5POLL23 "{\"spin\":0,\"len\":1676,\"gal\":0,\"err\":null}"
S5POLL24 "{\"spin\":0,\"len\":1676,\"gal\":0,\"err\":null}"
