=== STATION 5+6 LIVE 2026-10-05T07:30:29Z ===
TESTBILD: df73c42b505afd8a452b30bb9e751270  /tmp/mobile-e2e-testbild.png
--- 1) Login-Status ---
WHOAMI: "{\"uid\":\"user_3KGLrQivAW698KVoR3vkZoJYMKU\",\"url\":\"/app/projects/9b6c6651-6fd3-4fb8-852a-73ae3ae49556\"}"
--- 2) Projektseite -> 'Im Image Studio erstellen' ---
"scrolled"
STUDIOBTN: "CLICKED"
STUDIO_STATE: "{\"url\":\"/app/image-studio?fromStrategy=1\",\"promptLen\":155,\"promptHead\":\"A cozy kitchen scene with handmade speckled ceramic mugs on a rustic wooden table.Produktidee: Handgemachte Keramiktassen mit SprenkelglasurPlattform: Etsy\",\"cp\":false}"
USAGE_VORHER: "{\"matches\":[]}"
--- 3) GENERIEREN (gpt-image-1, Text->Bild) ---
GEN_CLICK: "CLICKED"
POLL1 "{\"galleryImgs\":0,\"srcLens\":[],\"bodyLen\":2218,\"spin\":1,\"err\":null}"
POLL2 "{\"galleryImgs\":0,\"srcLens\":[],\"bodyLen\":2218,\"spin\":1,\"err\":null}"
POLL3 "{\"galleryImgs\":1,\"srcLens\":[3049526],\"bodyLen\":2248,\"spin\":0,\"err\":null}"
POLL4 "{\"galleryImgs\":1,\"srcLens\":[3049526],\"bodyLen\":2248,\"spin\":0,\"err\":null}"
POLL5 "{\"galleryImgs\":1,\"srcLens\":[3049526],\"bodyLen\":2248,\"spin\":0,\"err\":null}"
POLL6 "{\"galleryImgs\":1,\"srcLens\":[3049526],\"bodyLen\":2248,\"spin\":0,\"err\":null}"
POLL7 "{\"galleryImgs\":1,\"srcLens\":[3049526],\"bodyLen\":2248,\"spin\":0,\"err\":null}"
POLL8 "{\"galleryImgs\":1,\"srcLens\":[3049526],\"bodyLen\":2248,\"spin\":0,\"err\":null}"
POLL9 "{\"galleryImgs\":1,\"srcLens\":[3049526],\"bodyLen\":2248,\"spin\":0,\"err\":null}"
POLL10 "{\"galleryImgs\":1,\"srcLens\":[3049526],\"bodyLen\":2248,\"spin\":0,\"err\":null}"
POLL11 "{\"galleryImgs\":1,\"srcLens\":[3049526],\"bodyLen\":2248,\"spin\":0,\"err\":null}"
POLL12 "{\"galleryImgs\":1,\"srcLens\":[3049526],\"bodyLen\":2248,\"spin\":0,\"err\":null}"
POLL13 "{\"galleryImgs\":1,\"srcLens\":[3049526],\"bodyLen\":2248,\"spin\":0,\"err\":null}"
POLL14 "{\"galleryImgs\":1,\"srcLens\":[3049526],\"bodyLen\":2248,\"spin\":0,\"err\":null}"
STATION5_FINAL: "{\"galleryImgs\":1,\"srcLens\":[3049526],\"bodyLen\":2248,\"spin\":0,\"err\":null}"
USAGE_NACH_BILD1: "{\"matches\":[]}"
--- 4) STATION 6c: Referenzbild hochladen + Variation ---
"scrolled"
✓ Done
UPLOAD_STATE: "{\"cards\":1,\"btnText\":\"✨ Variation mit Produkttreue\",\"btnDisabled\":false,\"noRef\":false,\"cardHead\":\"mobile-e2e-testbild.png\"}"
VAR_CLICK: "CLICKED"
VPOLL1 "{\"galleryImgs\":1,\"srcLens\":[3049526],\"bodyLen\":2633,\"spin\":1,\"err\":null}"
VPOLL2 "{\"galleryImgs\":2,\"srcLens\":[1839898,3049526],\"bodyLen\":2663,\"spin\":0,\"err\":null}"
VPOLL3 "{\"galleryImgs\":2,\"srcLens\":[1839898,3049526],\"bodyLen\":2663,\"spin\":0,\"err\":null}"
VPOLL4 "{\"galleryImgs\":2,\"srcLens\":[1839898,3049526],\"bodyLen\":2663,\"spin\":0,\"err\":null}"
VPOLL5 "{\"galleryImgs\":2,\"srcLens\":[1839898,3049526],\"bodyLen\":2663,\"spin\":0,\"err\":null}"
VPOLL6 "{\"galleryImgs\":2,\"srcLens\":[1839898,3049526],\"bodyLen\":2663,\"spin\":0,\"err\":null}"
VPOLL7 "{\"galleryImgs\":2,\"srcLens\":[1839898,3049526],\"bodyLen\":2663,\"spin\":0,\"err\":null}"
VPOLL8 "{\"galleryImgs\":2,\"srcLens\":[1839898,3049526],\"bodyLen\":2663,\"spin\":0,\"err\":null}"
VPOLL9 "{\"galleryImgs\":2,\"srcLens\":[1839898,3049526],\"bodyLen\":2663,\"spin\":0,\"err\":null}"
VPOLL10 "{\"galleryImgs\":2,\"srcLens\":[1839898,3049526],\"bodyLen\":2663,\"spin\":0,\"err\":null}"
VPOLL11 "{\"galleryImgs\":2,\"srcLens\":[1839898,3049526],\"bodyLen\":2663,\"spin\":0,\"err\":null}"
VPOLL12 "{\"galleryImgs\":2,\"srcLens\":[1839898,3049526],\"bodyLen\":2663,\"spin\":0,\"err\":null}"
VPOLL13 "{\"galleryImgs\":2,\"srcLens\":[1839898,3049526],\"bodyLen\":2663,\"spin\":0,\"err\":null}"
VPOLL14 "{\"galleryImgs\":2,\"srcLens\":[1839898,3049526],\"bodyLen\":2663,\"spin\":0,\"err\":null}"
STATION6C_FINAL: "{\"galleryImgs\":2,\"srcLens\":[1839898,3049526],\"bodyLen\":2663,\"spin\":0,\"err\":null}"
"scrolled"
USAGE_NACH_BILD2: "{\"matches\":[],\"bodyHead\":\"Dashboard\\nNeue Strategie\\n🎨 Bild-Studio\\n🎵 TikTok\\nInhaltsbibliothek\\nPreise\\nAbrechnung\\n🏷️ Marke\\n📊 Analytics\\n📈 Performance\\n💬 Feedback\\nEinstellungen\\n🇩🇪 Deutsch\\n🇬🇧 English\\n\\nE2E Autosave\\n\\nAbmelden\\n\"}"
STATION56_LIVE_DONE
